== Confounding: income<2475 vs JobLevel (full data) ==
       JobLevel
LowInc    1   2   3   4   5
  FALSE 333 524 218 106  69
  TRUE  210  10   0   0   0
JobLevel 1 income range: 1009 4968  JobLevel 2 range: 2042 9998 

Age band x low income:
       Age
LowInc  (17,24] (24,29] (29,34] (34,44] (44,60]
  FALSE      54     171     282     448     295
  TRUE       43      58      43      57      19

TotalWorkingYears band x low income:
       TWY
LowInc  (-1,1] (1,3] (3,5] (5,10] (10,40]
  FALSE     32    45   118    529     526
  TRUE      60    28    33     78      21

YearsAtCompany band x low income:
       YAC
LowInc  (-1,1] (1,3] (3,5] (5,10] (10,40]
  FALSE    139   200   253    417     241
  TRUE      76    55    53     31       5

Median age / TWY / YAC by low income:
    low Age TotalWorkingYears YearsAtCompany JobLevel
1 FALSE  36                10              6        2
2  TRUE  30                 5              3        1

low-income share who are JobLevel1: 0.9545455 ; age<30: 0.4590909 ; TWY<=3: 0.4 

== Attrition within JobLevel 1 by income (full data) ==
OT= Yes  JL1&Inc<2475:  48/66    72.7% [61.0, 82.0]   JL1&Inc>=2475:  34/90    37.8% [28.5, 48.1]   JL>=2:  45/260   17.3% [13.2, 22.4] 
OT= No  JL1&Inc<2475:  27/144   18.8% [13.2, 25.9]   JL1&Inc>=2475:  34/243   14.0% [10.2, 18.9]   JL>=2:  49/667    7.3% [ 5.6,  9.6] 
OT= All  JL1&Inc<2475:  75/210   35.7% [29.5, 42.4]   JL1&Inc>=2475:  68/333   20.4% [16.4, 25.1]   JL>=2:  94/927   10.1% [ 8.4, 12.3] 

Within JL1 & TWY<=3 / >3 by low income (full):
TWY<=3 == TRUE  low:  41/88    46.6% [36.5, 56.9]  notlow:  22/77    28.6% [19.7, 39.5] 
TWY<=3 == FALSE  low:  34/122   27.9% [20.7, 36.4]  notlow:  46/256   18.0% [13.8, 23.1] 

Within OT=Yes & JL1, by TWY<=3 and low income:
TWY<=3 == TRUE  low:  23/28    82.1% [64.4, 92.1]  notlow:   9/20    45.0% [25.8, 65.8] 
TWY<=3 == FALSE  low:  25/38    65.8% [49.9, 78.8]  notlow:  25/70    35.7% [25.5, 47.4] 

Within OT=Yes & age<30 vs >=30 by low income:
Age<30 == TRUE  low:  30/37    81.1% [65.8, 90.5]  notlow:  20/57    35.1% [24.0, 48.1] 
Age<30 == FALSE  low:  18/32    56.2% [39.3, 71.8]  notlow:  59/290   20.3% [16.1, 25.4] 

Logistic (full data, descriptive): Attrition ~ OT*low + JobLevel1 + log(TWY+1) + Age + log(YAC+1)
                           OR 2.5 % 97.5 %
(Intercept)              0.46  0.20   1.06
OverTimeYes              4.17  3.07   5.66
lowTRUE                  1.78  1.18   2.68
I(JobLevel == 1)TRUE     1.61  1.08   2.42
log1p(TotalWorkingYears) 0.86  0.60   1.24
Age                      0.98  0.96   1.00
log1p(YearsAtCompany)    0.69  0.53   0.90
LR test adding low-income: 0.006180438 
                             OR 2.5 %   97.5 %
(Intercept)              134.52  1.09 16569.00
OverTimeYes                4.28  3.14     5.81
log(MonthlyIncome)         0.54  0.29     1.00
factor(JobLevel)2          0.63  0.37     1.09
factor(JobLevel)3          1.85  0.77     4.47
factor(JobLevel)4          0.94  0.23     3.84
factor(JobLevel)5          1.93  0.42     8.81
log1p(TotalWorkingYears)   0.85  0.58     1.26
Age                        0.98  0.96     1.00
log1p(YearsAtCompany)      0.68  0.52     0.88
cor(log income, JobLevel)= 0.92  cor(income,JobLevel)= 0.95  cor(income,TWY)= 0.773  cor(income,Age)= 0.498  cor(income,YAC)= 0.514 
R^2 of income on JobLevel (factor): 0.925 

== Single vs StockOptionLevel ==
          
             0   1   2   3
  Divorced   8 195  75  49
  Married  153 401  83  36
  Single   470   0   0   0
Full data, SOL0 & Single: 120/470   25.5% [21.8, 29.7]  SOL0 & Mar/Div:  34/161   21.1% [15.5, 28.1]  SOL>=1 (all Mar/Div):  83/839    9.9% [ 8.1, 12.1] 
In better-paid OT node (full): Single(all SOL0):  41/101   40.6% [31.5, 50.3] | Mar/Div SOL0:  11/43    25.6% [14.9, 40.2] | Mar/Div SOL>=1:  27/203   13.3% [ 9.3, 18.7] 
Same, TEST: Single:  12/26    46.2% [28.8, 64.5] | Mar/Div SOL0:   3/10    30.0% [10.8, 60.3] | Mar/Div SOL>=1:  10/59    16.9% [ 9.5, 28.5] 
Mar/Div with SOL0 count in node (full): 43 

JobRole in single LabTech/Sales group vs income/JobLevel (full):
            JobLevel
HighRiskRole  1  2  3  4  5
       FALSE 15 16  9  6  5
       TRUE  14 25  8  3  0
median income hr / other: 5553.5 6142 

Healthcare Representative           Human Resources     Laboratory Technician 
                        0                         0                        13 
                  Manager    Manufacturing Director         Research Director 
                        0                         0                         0 
       Research Scientist           Sales Executive      Sales Representative 
                        0                        32                         5 

== Benchmarks ==
Logistic (27 predictors) test AUC: 0.863 CI 0.814 0.908 

	DeLong's test for two correlated ROC curves

data:  r_lr and r_tr
Z = 5.5222, p-value = 3.347e-08
alternative hypothesis: true difference in AUC is not equal to 0
95 percent confidence interval:
 0.1245955 0.2617007
sample estimates:
AUC of roc1 AUC of roc2 
  0.8630758   0.6699277 

LR at base-rate thr: 0.718 0.805 0.762 
n= 1029 

node), split, n, loss, yval, (yprob)
      * denotes terminal node

1) root 1029 166 No (0.8386783 0.1613217)  
  2) OverTime=No 727  76 No (0.8954608 0.1045392) *
  3) OverTime=Yes 302  90 No (0.7019868 0.2980132)  
    6) MonthlyIncome>=2475 252  54 No (0.7857143 0.2142857) *
    7) MonthlyIncome< 2475 50  14 Yes (0.2800000 0.7200000) *
2-split tree (OT + OT-yes income) test AUC: 0.669 CI 0.608 0.732  BA: 0.521 0.792 0.657 

	DeLong's test for two correlated ROC curves

data:  r_tr and r2
Z = 0.034571, p-value = 0.9724
alternative hypothesis: true difference in AUC is not equal to 0
95 percent confidence interval:
 -0.04240140  0.04392405
sample estimates:
AUC of roc1 AUC of roc2 
  0.6699277   0.6691663 

OverTime-only test AUC: 0.657 
CV AUC (5x10, Rowan's folds) logistic: 0.838 0.045 0.836 
 tree (Rowan setting): 0.699 0.058 0.692 
 depth-2 tree: 0.636 0.064 0.635 
 OverTime only: 0.651 0.055 0.651 

== Sensitivity: refit including DailyRate/HourlyRate/MonthlyRate ==
same top-3 levels?
                       var    n
1                 OverTime 1029
2            MonthlyIncome  727
4           EducationField  717
8           JobInvolvement  650
16                  <leaf>  607
17 EnvironmentSatisfaction   43
34                  <leaf>   33
35                  <leaf>   10
rate vars in importance: 6.84 0.72 2.23 
test AUC with rates: 0.674 
DailyRate univariate AUC (full): 0.545 
HourlyRate univariate AUC (full): 0.495 
MonthlyRate univariate AUC (full): 0.512 

== Tenure/timing vars univariate (full) ==
YearsAtCompany 0.649 
YearsInCurrentRole 0.64 
YearsWithCurrManager 0.636 
YearsSinceLastPromotion 0.46 
TotalWorkingYears 0.656 
MonthlyIncome 0.656 
YearsAtCompany==0 n: 44  rate:  16/44    36.4% [23.8, 51.1] 
